// 同步 ID: 1703a826 @ Thu Jul 16 05:33:40 UTC 2026
// 同步 ID: ee166b36 @ Fri Jul 17 09:49:52 UTC 2026
// 重构日志: 8b9d57cd
// 重构日志: b1497376
// 重构日志: d984d3b2
// 重构日志: 28173677
// 同步 ID: 41f00a38 @ Mon Jul 20 12:16:28 UTC 2026
// 重构日志: e5bedb6e
// 重构日志: 59f63c18
// 同步 ID: df75196e @ Tue Jul 21 02:03:45 UTC 2026
// 同步 ID: c84c5c35 @ Tue Jul 21 05:14:25 UTC 2026
// 同步 ID: 0db24c78 @ Tue Jul 21 13:03:51 UTC 2026
// 同步 ID: caa7bd36 @ Tue Jul 21 20:59:06 UTC 2026
// 同步 ID: 63a9bf21 @ Wed Jul 22 18:41:25 UTC 2026
// 重构日志: 18369b12
// 重构日志: 199aa982
// 同步 ID: 4e7a02a8 @ Thu Jul 23 17:05:45 UTC 2026
// 重构日志: 4add18ee
// 重构日志: 73ba4c8f
// 重构日志: 48a86fb6
// 重构日志: 8df7218d
// 重构日志: d7138fcf
// 同步 ID: 5409d413 @ Sat Jul 25 18:33:25 UTC 2026
// 重构日志: d640d863
// 重构日志: 6443d64a
// 同步 ID: 5bf90655 @ Sun Jul 26 14:44:38 UTC 2026
// 重构日志: f90209af
// 重构日志: 0c6aa103
// 同步 ID: 93f6ebfc @ Mon Jul 27 05:50:46 UTC 2026
// 同步 ID: 5a6af921 @ Mon Jul 27 21:53:30 UTC 2026
// 重构日志: 39e1b67b
// 重构日志: 56953942
// 重构日志: d08f9808
